
> mmbarber@3.1.1 build
> next build

Ôľ▓ Next.js 16.1.6 (Turbopack)

  Creating an optimized production build ...
Ôťô Compiled successfully in 2.4s
  Running TypeScript ...
node.exe : Failed to compile.
At line:1 char:1
+ & "C:\Program Files\nodejs/node.exe" "C:\Program Files\nodejs/node_mo ...
+ ~~~~~~~~~~~~~~~~~~~~~~~~~~~~~~~~~~~~~~~~~~~~~~~~~~~~~~~~~~~~~~~~~~~~~
    + CategoryInfo          : NotSpecified: (Failed to compile.:String) [], RemoteException
    + FullyQualifiedErrorId : NativeCommandError
 

./src/locales/translations.ts:1312:5
Type error: An object literal cannot have multiple properties with the same name.

[0m [90m 1310 |[39m       callUs[33m:[39m [32m"Call us"[39m
 [90m 1311 |[39m     }[33m,[39m
[31m[1m>[22m[39m[90m 1312 |[39m     seo[33m:[39m {
 [90m      |[39m     [31m[1m^[22m[39m
 [90m 1313 |[39m       title[33m:[39m [32m"MMBARBER Barber & Shop | Best Barbershop Uhersk├ę Hradi┼ít─Ť | Men's Ha
irdressing"[39m[33m,[39m
 [90m 1314 |[39m       description[33m:[39m [32m"Looking for the best barbershop in Uhersk├ę Hradi┼ít─Ť? MMBARBER 
Barber & Shop offers top men's haircuts, professional razor beard grooming, and a unique noir atmosphere. Modern groomi
ng, precise skin fade, and traditional rituals for real men. Book your spot in the best hair salon in UH."[39m[33m,[
39m
 [90m 1315 |[39m       keywords[33m:[39m [32m"best barbershop Uhersk├ę Hradi┼ít─Ť, MMBARBER, top barber UH, men's 
hairdressing Uhersk├ę Hradi┼ít─Ť, luxury men's haircut, razor beard grooming, professional barber, modern grooming, lif
estyle barbershop, heritage hairdressing, men's community Slov├ícko, authentic barber experience, MMBARBER community, m
en's grooming ritual, professional hair and beard care, best hairdresser UH, men's haircut, razor shaving, hot towel se
rvice, beard steaming, skin fade UH, taper fade, classic men's haircut, modern hairstyles for men, men's cosmetics, hai
r pomade, beard oil, men's relax, men's club, noir barbershop, Tom├í┼í Mi─Źka, hairdressing Slov├ícko, Kunovice hairdre
ssing, Star├ę M─Ťsto hairdressing, men's style, traditional shaving, barber shop experience, men's hairstyles 2024, men
's hairstyles 2025, gift vouchers for men, experiential hair cutting, premium barber shop, hairdressing Uhersk├ę Hradi┼
ít─Ť, men's cutting, beard grooming UH, barber shop Slov├ícko, best craftsmen Uhersk├ę Hradi┼ít─Ť, verified plumber UH,
 top electrician Slov├ícko, professional photographer UH, real estate agent Hradi┼ít─Ť, bike and e-bike service Slov├íc
ko, electrical inspection UH, accounting services for companies, windows and blinds Uhersk├ę Hradi┼ít─Ť, gastro and res
taurants UH, best barbershop franchise, business investment, profitable hairdressing franchise, master franchise opport
unity, global barbershop brand, MM BARBER expansion, where to go for a men's haircut in UH, best barber Uhersk├ę Hradi┼
ít─Ť, men's hairdressing Ma┼Öatice, cutting Uhersk├ę Hradi┼ít─Ť, hairdressing Jaro┼íov, barber Kunovice, hairdresser St
ar├ę M─Ťsto near UH, men's hairstyles Hradi┼ít─Ť, razor shave price, top barber Slov├ícko, Summer Film School LF┼á, 1.F
C Slov├ícko football, Slov├ícko Wine Festival, Aquapark Uhersk├ę Hradi┼ít─Ť, Slov├ícko Theatre, Buchlov Castle, Buchlov
ice Castle, Velehrad, best burger UH, where to go in Hradi┼ít─Ť, free parking Uhersk├ę Hradi┼ít─Ť, free parking UH, whe
re to park in Hradi┼ít─Ť, Uhersk├ę Hradi┼ít─Ť Hospital, UH train station, Uhersk├ę Hradi┼ít─Ť post office, Old Marketpl
ace Mall."[39m[0m
Next.js build worker exited with code: 1 and signal: null
